<?php return array (
  0 => 'Symfony\\Bundle\\FrameworkBundle\\Controller\\AbstractController',
  1 => 'App\\Api\\Common\\Controller\\DefaultController',
  2 => 'App\\Api\\User\\Controller\\UserController',
  3 => 'FOS\\RestBundle\\Controller\\AbstractFOSRestController',
  4 => 'FOS\\RestBundle\\Controller\\Annotations\\AbstractParam',
  5 => 'FOS\\RestBundle\\Controller\\Annotations\\AbstractScalarParam',
  6 => 'FOS\\RestBundle\\Controller\\Annotations\\Copy',
  7 => 'FOS\\RestBundle\\Controller\\Annotations\\Delete',
  8 => 'FOS\\RestBundle\\Controller\\Annotations\\FileParam',
  9 => 'FOS\\RestBundle\\Controller\\Annotations\\Get',
  10 => 'FOS\\RestBundle\\Controller\\Annotations\\Head',
  11 => 'FOS\\RestBundle\\Controller\\Annotations\\Link',
  12 => 'FOS\\RestBundle\\Controller\\Annotations\\Lock',
  13 => 'FOS\\RestBundle\\Controller\\Annotations\\Mkcol',
  14 => 'FOS\\RestBundle\\Controller\\Annotations\\Move',
  15 => 'FOS\\RestBundle\\Controller\\Annotations\\Options',
  16 => 'FOS\\RestBundle\\Controller\\Annotations\\ParamInterface',
  17 => 'FOS\\RestBundle\\Controller\\Annotations\\Patch',
  18 => 'FOS\\RestBundle\\Controller\\Annotations\\Post',
  19 => 'FOS\\RestBundle\\Controller\\Annotations\\PropFind',
  20 => 'FOS\\RestBundle\\Controller\\Annotations\\PropPatch',
  21 => 'FOS\\RestBundle\\Controller\\Annotations\\Put',
  22 => 'FOS\\RestBundle\\Controller\\Annotations\\QueryParam',
  23 => 'FOS\\RestBundle\\Controller\\Annotations\\RequestParam',
  24 => 'FOS\\RestBundle\\Controller\\Annotations\\Route',
  25 => 'FOS\\RestBundle\\Controller\\Annotations\\Unlink',
  26 => 'FOS\\RestBundle\\Controller\\Annotations\\Unlock',
  27 => 'FOS\\RestBundle\\Controller\\Annotations\\View',
  28 => 'FOS\\RestBundle\\Controller\\ControllerTrait',
  29 => 'Gedmo\\Loggable\\Entity\\LogEntry',
  30 => 'Gedmo\\Loggable\\Entity\\MappedSuperclass\\AbstractLogEntry',
  31 => 'Gedmo\\Loggable\\Entity\\Repository\\LogEntryRepository',
  32 => 'Gedmo\\Sortable\\Entity\\Repository\\SortableRepository',
  33 => 'Gedmo\\Translatable\\Entity\\MappedSuperclass\\AbstractPersonalTranslation',
  34 => 'Gedmo\\Translatable\\Entity\\MappedSuperclass\\AbstractTranslation',
  35 => 'Gedmo\\Translatable\\Entity\\Repository\\TranslationRepository',
  36 => 'Gedmo\\Translatable\\Entity\\Translation',
  37 => 'Gedmo\\Translator\\Entity\\Translation',
  38 => 'Gedmo\\Tree\\Entity\\MappedSuperclass\\AbstractClosure',
  39 => 'Gedmo\\Tree\\Entity\\Repository\\AbstractTreeRepository',
  40 => 'Gedmo\\Tree\\Entity\\Repository\\ClosureTreeRepository',
  41 => 'Gedmo\\Tree\\Entity\\Repository\\MaterializedPathRepository',
  42 => 'Gedmo\\Tree\\Entity\\Repository\\NestedTreeRepository',
  44 => 'Symfony\\Bundle\\FrameworkBundle\\Controller\\ControllerResolver',
  45 => 'Symfony\\Bundle\\FrameworkBundle\\Controller\\RedirectController',
  46 => 'Symfony\\Bundle\\FrameworkBundle\\Controller\\TemplateController',
  47 => 'Symfony\\Component\\HttpKernel\\Controller\\ArgumentResolver',
  48 => 'Symfony\\Component\\HttpKernel\\Controller\\ArgumentResolverInterface',
  49 => 'Symfony\\Component\\HttpKernel\\Controller\\ArgumentResolver\\DefaultValueResolver',
  50 => 'Symfony\\Component\\HttpKernel\\Controller\\ArgumentResolver\\NotTaggedControllerValueResolver',
  51 => 'Symfony\\Component\\HttpKernel\\Controller\\ArgumentResolver\\RequestAttributeValueResolver',
  52 => 'Symfony\\Component\\HttpKernel\\Controller\\ArgumentResolver\\RequestValueResolver',
  53 => 'Symfony\\Component\\HttpKernel\\Controller\\ArgumentResolver\\ServiceValueResolver',
  54 => 'Symfony\\Component\\HttpKernel\\Controller\\ArgumentResolver\\SessionValueResolver',
  55 => 'Symfony\\Component\\HttpKernel\\Controller\\ArgumentResolver\\TraceableValueResolver',
  56 => 'Symfony\\Component\\HttpKernel\\Controller\\ArgumentResolver\\VariadicValueResolver',
  57 => 'Symfony\\Component\\HttpKernel\\Controller\\ArgumentValueResolverInterface',
  58 => 'Symfony\\Component\\HttpKernel\\Controller\\ContainerControllerResolver',
  59 => 'Symfony\\Component\\HttpKernel\\Controller\\ControllerReference',
  60 => 'Symfony\\Component\\HttpKernel\\Controller\\ControllerResolver',
  61 => 'Symfony\\Component\\HttpKernel\\Controller\\ControllerResolverInterface',
  62 => 'Symfony\\Component\\HttpKernel\\Controller\\ErrorController',
  63 => 'Symfony\\Component\\HttpKernel\\Controller\\TraceableArgumentResolver',
  64 => 'Symfony\\Component\\HttpKernel\\Controller\\TraceableControllerResolver',
  65 => 'Symfony\\Component\\Security\\Http\\Controller\\UserValueResolver',
);